Faaah activated. Extension path: /Users/hrishikesh/.vscode/extensions/hrishikeshnate.faaah-extension-0.0.1
onDidEndTerminalShellExecution exitCode=0
onDidEndTerminalShellExecution exitCode=130
Trigger: terminal command exited with 130 — playing in 500ms
Using custom sound: /Users/hrishikesh/Downloads/fahhh_KcgAXfs.mp3
Playing: /Users/hrishikesh/Downloads/fahhh_KcgAXfs.mp3
onDidEndTerminalShellExecution exitCode=128
Trigger: terminal command exited with 128 — playing in 500ms
Using custom sound: /Users/hrishikesh/Downloads/fahhh_KcgAXfs.mp3
Playing: /Users/hrishikesh/Downloads/fahhh_KcgAXfs.mp3
onDidEndTerminalShellExecution exitCode=0
onDidEndTerminalShellExecution exitCode=0
onDidEndTerminalShellExecution exitCode=0
onDidEndTerminalShellExecution exitCode=0
onDidEndTerminalShellExecution exitCode=0
onDidEndTerminalShellExecution exitCode=0
onDidEndTerminalShellExecution exitCode=0
onDidEndTerminalShellExecution exitCode=0
onDidEndTerminalShellExecution exitCode=0
onDidEndTerminalShellExecution exitCode=0
onDidEndTerminalShellExecution exitCode=undefined
onDidEndTerminalShellExecution exitCode=undefined
onDidEndTerminalShellExecution exitCode=undefined
onDidEndTerminalShellExecution exitCode=0
onDidCloseTerminal exitCode=undefined
onDidEndTerminalShellExecution exitCode=undefined
onDidEndTerminalShellExecution exitCode=0
onDidEndTerminalShellExecution exitCode=0
Trigger: diagnostics error count 0 → 1 — playing in 500ms
Using custom sound: /Users/hrishikesh/Downloads/fahhh_KcgAXfs.mp3
Playing: /Users/hrishikesh/Downloads/fahhh_KcgAXfs.mp3
onDidEndTerminalShellExecution exitCode=0
onDidEndTerminalShellExecution exitCode=0
onDidEndTerminalShellExecution exitCode=0
onDidEndTerminalShellExecution exitCode=undefined
onDidEndTerminalShellExecution exitCode=undefined
onDidEndTerminalShellExecution exitCode=undefined
onDidEndTerminalShellExecution exitCode=0
onDidEndTerminalShellExecution exitCode=0
onDidEndTerminalShellExecution exitCode=0
onDidEndTerminalShellExecution exitCode=0
onDidEndTerminalShellExecution exitCode=0
onDidEndTerminalShellExecution exitCode=0
Trigger: diagnostics error count 0 → 8 — playing in 500ms
Using custom sound: /Users/hrishikesh/Downloads/fahhh_KcgAXfs.mp3
Playing: /Users/hrishikesh/Downloads/fahhh_KcgAXfs.mp3
Trigger: diagnostics error count 0 → 8 — playing in 500ms
Using custom sound: /Users/hrishikesh/Downloads/fahhh_KcgAXfs.mp3
Playing: /Users/hrishikesh/Downloads/fahhh_KcgAXfs.mp3
Trigger: diagnostics error count 0 → 8 — playing in 500ms
Using custom sound: /Users/hrishikesh/Downloads/fahhh_KcgAXfs.mp3
Playing: /Users/hrishikesh/Downloads/fahhh_KcgAXfs.mp3
Trigger: diagnostics error count 0 → 8 — playing in 500ms
Using custom sound: /Users/hrishikesh/Downloads/fahhh_KcgAXfs.mp3
Playing: /Users/hrishikesh/Downloads/fahhh_KcgAXfs.mp3
Trigger: diagnostics error count 0 → 8 — playing in 500ms
Using custom sound: /Users/hrishikesh/Downloads/fahhh_KcgAXfs.mp3
Playing: /Users/hrishikesh/Downloads/fahhh_KcgAXfs.mp3
onDidEndTerminalShellExecution exitCode=0
onDidEndTerminalShellExecution exitCode=undefined
Trigger: diagnostics error count 0 → 8 — playing in 500ms
Using custom sound: /Users/hrishikesh/Downloads/fahhh_KcgAXfs.mp3
Playing: /Users/hrishikesh/Downloads/fahhh_KcgAXfs.mp3
onDidEndTerminalShellExecution exitCode=1
Trigger: terminal command exited with 1 — playing in 500ms
Using custom sound: /Users/hrishikesh/Downloads/fahhh_KcgAXfs.mp3
Playing: /Users/hrishikesh/Downloads/fahhh_KcgAXfs.mp3
Trigger: diagnostics error count 0 → 8 — playing in 500ms
Using custom sound: /Users/hrishikesh/Downloads/fahhh_KcgAXfs.mp3
Playing: /Users/hrishikesh/Downloads/fahhh_KcgAXfs.mp3
onDidEndTerminalShellExecution exitCode=1
Trigger: terminal command exited with 1 — playing in 500ms
Using custom sound: /Users/hrishikesh/Downloads/fahhh_KcgAXfs.mp3
Playing: /Users/hrishikesh/Downloads/fahhh_KcgAXfs.mp3
Trigger: diagnostics error count 0 → 8 — playing in 500ms
Using custom sound: /Users/hrishikesh/Downloads/fahhh_KcgAXfs.mp3
Playing: /Users/hrishikesh/Downloads/fahhh_KcgAXfs.mp3
Trigger: diagnostics error count 0 → 8 — playing in 500ms
Using custom sound: /Users/hrishikesh/Downloads/fahhh_KcgAXfs.mp3
Playing: /Users/hrishikesh/Downloads/fahhh_KcgAXfs.mp3
Trigger: diagnostics error count 0 → 8 — playing in 500ms
Using custom sound: /Users/hrishikesh/Downloads/fahhh_KcgAXfs.mp3
Playing: /Users/hrishikesh/Downloads/fahhh_KcgAXfs.mp3
onDidEndTerminalShellExecution exitCode=0
Trigger: diagnostics error count 0 → 8 — playing in 500ms
Using custom sound: /Users/hrishikesh/Downloads/fahhh_KcgAXfs.mp3
Playing: /Users/hrishikesh/Downloads/fahhh_KcgAXfs.mp3
Trigger: diagnostics error count 0 → 8 — playing in 500ms
Using custom sound: /Users/hrishikesh/Downloads/fahhh_KcgAXfs.mp3
Playing: /Users/hrishikesh/Downloads/fahhh_KcgAXfs.mp3
Trigger: diagnostics error count 0 → 8 — playing in 500ms
Using custom sound: /Users/hrishikesh/Downloads/fahhh_KcgAXfs.mp3
Playing: /Users/hrishikesh/Downloads/fahhh_KcgAXfs.mp3
Trigger: diagnostics error count 0 → 8 — playing in 500ms
Using custom sound: /Users/hrishikesh/Downloads/fahhh_KcgAXfs.mp3
Playing: /Users/hrishikesh/Downloads/fahhh_KcgAXfs.mp3
Trigger: diagnostics error count 0 → 8 — playing in 500ms
Using custom sound: /Users/hrishikesh/Downloads/fahhh_KcgAXfs.mp3
Playing: /Users/hrishikesh/Downloads/fahhh_KcgAXfs.mp3
Trigger: diagnostics error count 0 → 8 — playing in 500ms
Using custom sound: /Users/hrishikesh/Downloads/fahhh_KcgAXfs.mp3
Playing: /Users/hrishikesh/Downloads/fahhh_KcgAXfs.mp3
Trigger: diagnostics error count 0 → 8 — playing in 500ms
Using custom sound: /Users/hrishikesh/Downloads/fahhh_KcgAXfs.mp3
Playing: /Users/hrishikesh/Downloads/fahhh_KcgAXfs.mp3
Trigger: diagnostics error count 0 → 8 — playing in 500ms
Using custom sound: /Users/hrishikesh/Downloads/fahhh_KcgAXfs.mp3
Playing: /Users/hrishikesh/Downloads/fahhh_KcgAXfs.mp3
Trigger: diagnostics error count 0 → 8 — playing in 500ms
Using custom sound: /Users/hrishikesh/Downloads/fahhh_KcgAXfs.mp3
Playing: /Users/hrishikesh/Downloads/fahhh_KcgAXfs.mp3
onDidEndTerminalShellExecution exitCode=0
Trigger: diagnostics error count 0 → 8 — playing in 500ms
Using custom sound: /Users/hrishikesh/Downloads/fahhh_KcgAXfs.mp3
Playing: /Users/hrishikesh/Downloads/fahhh_KcgAXfs.mp3
onDidEndTerminalShellExecution exitCode=1
Trigger: terminal command exited with 1 — playing in 500ms
Using custom sound: /Users/hrishikesh/Downloads/fahhh_KcgAXfs.mp3
Playing: /Users/hrishikesh/Downloads/fahhh_KcgAXfs.mp3
Trigger: diagnostics error count 0 → 8 — playing in 500ms
Using custom sound: /Users/hrishikesh/Downloads/fahhh_KcgAXfs.mp3
Playing: /Users/hrishikesh/Downloads/fahhh_KcgAXfs.mp3
Trigger: diagnostics error count 0 → 8 — playing in 500ms
Using custom sound: /Users/hrishikesh/Downloads/fahhh_KcgAXfs.mp3
Playing: /Users/hrishikesh/Downloads/fahhh_KcgAXfs.mp3
Trigger: diagnostics error count 0 → 8 — playing in 500ms
Using custom sound: /Users/hrishikesh/Downloads/fahhh_KcgAXfs.mp3
Playing: /Users/hrishikesh/Downloads/fahhh_KcgAXfs.mp3
Trigger: diagnostics error count 0 → 8 — playing in 500ms
Using custom sound: /Users/hrishikesh/Downloads/fahhh_KcgAXfs.mp3
Playing: /Users/hrishikesh/Downloads/fahhh_KcgAXfs.mp3
Trigger: diagnostics error count 0 → 8 — playing in 500ms
Using custom sound: /Users/hrishikesh/Downloads/fahhh_KcgAXfs.mp3
Playing: /Users/hrishikesh/Downloads/fahhh_KcgAXfs.mp3
Trigger: diagnostics error count 0 → 8 — playing in 500ms
Using custom sound: /Users/hrishikesh/Downloads/fahhh_KcgAXfs.mp3
Playing: /Users/hrishikesh/Downloads/fahhh_KcgAXfs.mp3
onDidEndTerminalShellExecution exitCode=1
Trigger: terminal command exited with 1 — playing in 500ms
Using custom sound: /Users/hrishikesh/Downloads/fahhh_KcgAXfs.mp3
Playing: /Users/hrishikesh/Downloads/fahhh_KcgAXfs.mp3
Trigger: diagnostics error count 0 → 8 — playing in 500ms
Using custom sound: /Users/hrishikesh/Downloads/fahhh_KcgAXfs.mp3
Playing: /Users/hrishikesh/Downloads/fahhh_KcgAXfs.mp3
Trigger: diagnostics error count 0 → 8 — playing in 500ms
Using custom sound: /Users/hrishikesh/Downloads/fahhh_KcgAXfs.mp3
Playing: /Users/hrishikesh/Downloads/fahhh_KcgAXfs.mp3
Trigger: diagnostics error count 0 → 8 — playing in 500ms
Using custom sound: /Users/hrishikesh/Downloads/fahhh_KcgAXfs.mp3
Playing: /Users/hrishikesh/Downloads/fahhh_KcgAXfs.mp3
Trigger: diagnostics error count 0 → 8 — playing in 500ms
Using custom sound: /Users/hrishikesh/Downloads/fahhh_KcgAXfs.mp3
Playing: /Users/hrishikesh/Downloads/fahhh_KcgAXfs.mp3
Trigger: diagnostics error count 0 → 8 — playing in 500ms
Using custom sound: /Users/hrishikesh/Downloads/fahhh_KcgAXfs.mp3
Playing: /Users/hrishikesh/Downloads/fahhh_KcgAXfs.mp3
Trigger: diagnostics error count 0 → 8 — playing in 500ms
Using custom sound: /Users/hrishikesh/Downloads/fahhh_KcgAXfs.mp3
Playing: /Users/hrishikesh/Downloads/fahhh_KcgAXfs.mp3
Trigger: diagnostics error count 0 → 8 — playing in 500ms
Using custom sound: /Users/hrishikesh/Downloads/fahhh_KcgAXfs.mp3
Playing: /Users/hrishikesh/Downloads/fahhh_KcgAXfs.mp3
Trigger: diagnostics error count 0 → 8 — playing in 500ms
Using custom sound: /Users/hrishikesh/Downloads/fahhh_KcgAXfs.mp3
Playing: /Users/hrishikesh/Downloads/fahhh_KcgAXfs.mp3
Trigger: diagnostics error count 0 → 8 — playing in 500ms
Using custom sound: /Users/hrishikesh/Downloads/fahhh_KcgAXfs.mp3
Playing: /Users/hrishikesh/Downloads/fahhh_KcgAXfs.mp3
onDidEndTerminalShellExecution exitCode=0
Trigger: diagnostics error count 0 → 8 — playing in 500ms
Using custom sound: /Users/hrishikesh/Downloads/fahhh_KcgAXfs.mp3
Playing: /Users/hrishikesh/Downloads/fahhh_KcgAXfs.mp3
Trigger: diagnostics error count 0 → 8 — playing in 500ms
Using custom sound: /Users/hrishikesh/Downloads/fahhh_KcgAXfs.mp3
Playing: /Users/hrishikesh/Downloads/fahhh_KcgAXfs.mp3
Trigger: diagnostics error count 0 → 8 — playing in 500ms
Using custom sound: /Users/hrishikesh/Downloads/fahhh_KcgAXfs.mp3
Playing: /Users/hrishikesh/Downloads/fahhh_KcgAXfs.mp3
Trigger: diagnostics error count 0 → 8 — playing in 500ms
Using custom sound: /Users/hrishikesh/Downloads/fahhh_KcgAXfs.mp3
Playing: /Users/hrishikesh/Downloads/fahhh_KcgAXfs.mp3
onDidEndTerminalShellExecution exitCode=0
Trigger: diagnostics error count 0 → 8 — playing in 500ms
Using custom sound: /Users/hrishikesh/Downloads/fahhh_KcgAXfs.mp3
Playing: /Users/hrishikesh/Downloads/fahhh_KcgAXfs.mp3
Trigger: diagnostics error count 0 → 8 — playing in 500ms
Using custom sound: /Users/hrishikesh/Downloads/fahhh_KcgAXfs.mp3
Playing: /Users/hrishikesh/Downloads/fahhh_KcgAXfs.mp3
Trigger: diagnostics error count 0 → 8 — playing in 500ms
Using custom sound: /Users/hrishikesh/Downloads/fahhh_KcgAXfs.mp3
Playing: /Users/hrishikesh/Downloads/fahhh_KcgAXfs.mp3
Trigger: diagnostics error count 0 → 8 — playing in 500ms
Using custom sound: /Users/hrishikesh/Downloads/fahhh_KcgAXfs.mp3
Playing: /Users/hrishikesh/Downloads/fahhh_KcgAXfs.mp3
Trigger: diagnostics error count 0 → 8 — playing in 500ms
Using custom sound: /Users/hrishikesh/Downloads/fahhh_KcgAXfs.mp3
Playing: /Users/hrishikesh/Downloads/fahhh_KcgAXfs.mp3
Trigger: diagnostics error count 0 → 8 — playing in 500ms
Using custom sound: /Users/hrishikesh/Downloads/fahhh_KcgAXfs.mp3
Playing: /Users/hrishikesh/Downloads/fahhh_KcgAXfs.mp3
Trigger: diagnostics error count 0 → 8 — playing in 500ms
Using custom sound: /Users/hrishikesh/Downloads/fahhh_KcgAXfs.mp3
Playing: /Users/hrishikesh/Downloads/fahhh_KcgAXfs.mp3
Trigger: diagnostics error count 0 → 8 — playing in 500ms
Using custom sound: /Users/hrishikesh/Downloads/fahhh_KcgAXfs.mp3
Playing: /Users/hrishikesh/Downloads/fahhh_KcgAXfs.mp3
Trigger: diagnostics error count 0 → 8 — playing in 500ms
Using custom sound: /Users/hrishikesh/Downloads/fahhh_KcgAXfs.mp3
Playing: /Users/hrishikesh/Downloads/fahhh_KcgAXfs.mp3
Trigger: diagnostics error count 0 → 8 — playing in 500ms
Using custom sound: /Users/hrishikesh/Downloads/fahhh_KcgAXfs.mp3
Playing: /Users/hrishikesh/Downloads/fahhh_KcgAXfs.mp3
Trigger: diagnostics error count 0 → 8 — playing in 500ms
Using custom sound: /Users/hrishikesh/Downloads/fahhh_KcgAXfs.mp3
Playing: /Users/hrishikesh/Downloads/fahhh_KcgAXfs.mp3
Trigger: diagnostics error count 0 → 8 — playing in 500ms
Using custom sound: /Users/hrishikesh/Downloads/fahhh_KcgAXfs.mp3
Playing: /Users/hrishikesh/Downloads/fahhh_KcgAXfs.mp3
Trigger: diagnostics error count 0 → 8 — playing in 500ms
Using custom sound: /Users/hrishikesh/Downloads/fahhh_KcgAXfs.mp3
Playing: /Users/hrishikesh/Downloads/fahhh_KcgAXfs.mp3
Trigger: diagnostics error count 0 → 8 — playing in 500ms
Using custom sound: /Users/hrishikesh/Downloads/fahhh_KcgAXfs.mp3
Playing: /Users/hrishikesh/Downloads/fahhh_KcgAXfs.mp3
Trigger: diagnostics error count 0 → 8 — playing in 500ms
Using custom sound: /Users/hrishikesh/Downloads/fahhh_KcgAXfs.mp3
Playing: /Users/hrishikesh/Downloads/fahhh_KcgAXfs.mp3
onDidEndTerminalShellExecution exitCode=130
Trigger: terminal command exited with 130 — playing in 500ms
Using custom sound: /Users/hrishikesh/Downloads/fahhh_KcgAXfs.mp3
Playing: /Users/hrishikesh/Downloads/fahhh_KcgAXfs.mp3
Trigger: diagnostics error count 0 → 8 — playing in 500ms
Using custom sound: /Users/hrishikesh/Downloads/fahhh_KcgAXfs.mp3
Playing: /Users/hrishikesh/Downloads/fahhh_KcgAXfs.mp3
Trigger: diagnostics error count 0 → 8 — playing in 500ms
Using custom sound: /Users/hrishikesh/Downloads/fahhh_KcgAXfs.mp3
Playing: /Users/hrishikesh/Downloads/fahhh_KcgAXfs.mp3
Trigger: diagnostics error count 0 → 8 — playing in 500ms
Using custom sound: /Users/hrishikesh/Downloads/fahhh_KcgAXfs.mp3
Playing: /Users/hrishikesh/Downloads/fahhh_KcgAXfs.mp3
Trigger: diagnostics error count 0 → 8 — playing in 500ms
Using custom sound: /Users/hrishikesh/Downloads/fahhh_KcgAXfs.mp3
Playing: /Users/hrishikesh/Downloads/fahhh_KcgAXfs.mp3
Trigger: diagnostics error count 0 → 8 — playing in 500ms
Using custom sound: /Users/hrishikesh/Downloads/fahhh_KcgAXfs.mp3
Playing: /Users/hrishikesh/Downloads/fahhh_KcgAXfs.mp3
Trigger: diagnostics error count 0 → 8 — playing in 500ms
Using custom sound: /Users/hrishikesh/Downloads/fahhh_KcgAXfs.mp3
Playing: /Users/hrishikesh/Downloads/fahhh_KcgAXfs.mp3
Trigger: diagnostics error count 0 → 8 — playing in 500ms
Using custom sound: /Users/hrishikesh/Downloads/fahhh_KcgAXfs.mp3
Playing: /Users/hrishikesh/Downloads/fahhh_KcgAXfs.mp3
onDidEndTerminalShellExecution exitCode=0
Trigger: diagnostics error count 0 → 8 — playing in 500ms
Using custom sound: /Users/hrishikesh/Downloads/fahhh_KcgAXfs.mp3
Playing: /Users/hrishikesh/Downloads/fahhh_KcgAXfs.mp3
onDidEndTerminalShellExecution exitCode=0
Trigger: diagnostics error count 8 → 9 — playing in 500ms
Using custom sound: /Users/hrishikesh/Downloads/fahhh_KcgAXfs.mp3
Playing: /Users/hrishikesh/Downloads/fahhh_KcgAXfs.mp3
Trigger: diagnostics error count 1 → 9 — playing in 500ms
Using custom sound: /Users/hrishikesh/Downloads/fahhh_KcgAXfs.mp3
Playing: /Users/hrishikesh/Downloads/fahhh_KcgAXfs.mp3
Trigger: diagnostics error count 1 → 9 — playing in 500ms
Using custom sound: /Users/hrishikesh/Downloads/fahhh_KcgAXfs.mp3
Playing: /Users/hrishikesh/Downloads/fahhh_KcgAXfs.mp3
Trigger: diagnostics error count 0 → 8 — playing in 500ms
Using custom sound: /Users/hrishikesh/Downloads/fahhh_KcgAXfs.mp3
Playing: /Users/hrishikesh/Downloads/fahhh_KcgAXfs.mp3
onDidEndTerminalShellExecution exitCode=0
onDidEndTerminalShellExecution exitCode=0
onDidEndTerminalShellExecution exitCode=0
onDidEndTerminalShellExecution exitCode=0
onDidEndTerminalShellExecution exitCode=0
onDidEndTerminalShellExecution exitCode=0
onDidEndTerminalShellExecution exitCode=0
Trigger: diagnostics error count 0 → 8 — playing in 500ms
Using custom sound: /Users/hrishikesh/Downloads/fahhh_KcgAXfs.mp3
Playing: /Users/hrishikesh/Downloads/fahhh_KcgAXfs.mp3
Trigger: diagnostics error count 0 → 8 — playing in 500ms
Using custom sound: /Users/hrishikesh/Downloads/fahhh_KcgAXfs.mp3
Playing: /Users/hrishikesh/Downloads/fahhh_KcgAXfs.mp3
onDidEndTerminalShellExecution exitCode=0
onDidEndTerminalShellExecution exitCode=0
onDidEndTerminalShellExecution exitCode=0
onDidEndTerminalShellExecution exitCode=0
onDidEndTerminalShellExecution exitCode=0
Trigger: diagnostics error count 0 → 8 — playing in 500ms
Using custom sound: /Users/hrishikesh/Downloads/fahhh_KcgAXfs.mp3
Playing: /Users/hrishikesh/Downloads/fahhh_KcgAXfs.mp3
Trigger: diagnostics error count 0 → 8 — playing in 500ms
Using custom sound: /Users/hrishikesh/Downloads/fahhh_KcgAXfs.mp3
Playing: /Users/hrishikesh/Downloads/fahhh_KcgAXfs.mp3
Trigger: diagnostics error count 0 → 8 — playing in 500ms
Using custom sound: /Users/hrishikesh/Downloads/fahhh_KcgAXfs.mp3
Playing: /Users/hrishikesh/Downloads/fahhh_KcgAXfs.mp3
onDidEndTerminalShellExecution exitCode=0
onDidEndTerminalShellExecution exitCode=0
Trigger: diagnostics error count 0 → 8 — playing in 500ms
Using custom sound: /Users/hrishikesh/Downloads/fahhh_KcgAXfs.mp3
Playing: /Users/hrishikesh/Downloads/fahhh_KcgAXfs.mp3
Trigger: diagnostics error count 0 → 8 — playing in 500ms
Using custom sound: /Users/hrishikesh/Downloads/fahhh_KcgAXfs.mp3
Playing: /Users/hrishikesh/Downloads/fahhh_KcgAXfs.mp3
onDidEndTerminalShellExecution exitCode=0
onDidEndTerminalShellExecution exitCode=0
onDidEndTerminalShellExecution exitCode=0
onDidEndTerminalShellExecution exitCode=0
Trigger: diagnostics error count 0 → 8 — playing in 500ms
Using custom sound: /Users/hrishikesh/Downloads/fahhh_KcgAXfs.mp3
Playing: /Users/hrishikesh/Downloads/fahhh_KcgAXfs.mp3
Trigger: diagnostics error count 0 → 8 — playing in 500ms
Using custom sound: /Users/hrishikesh/Downloads/fahhh_KcgAXfs.mp3
Playing: /Users/hrishikesh/Downloads/fahhh_KcgAXfs.mp3
Trigger: diagnostics error count 0 → 8 — playing in 500ms
Using custom sound: /Users/hrishikesh/Downloads/fahhh_KcgAXfs.mp3
Playing: /Users/hrishikesh/Downloads/fahhh_KcgAXfs.mp3
onDidEndTerminalShellExecution exitCode=130
Trigger: terminal command exited with 130 — playing in 500ms
Using custom sound: /Users/hrishikesh/Downloads/fahhh_KcgAXfs.mp3
Playing: /Users/hrishikesh/Downloads/fahhh_KcgAXfs.mp3
onDidEndTerminalShellExecution exitCode=undefined
onDidEndTerminalShellExecution exitCode=undefined
onDidEndTerminalShellExecution exitCode=undefined
onDidEndTerminalShellExecution exitCode=undefined
onDidEndTerminalShellExecution exitCode=0
onDidEndTerminalShellExecution exitCode=0
onDidEndTerminalShellExecution exitCode=1
Trigger: terminal command exited with 1 — playing in 500ms
Using custom sound: /Users/hrishikesh/Downloads/fahhh_KcgAXfs.mp3
Playing: /Users/hrishikesh/Downloads/fahhh_KcgAXfs.mp3
onDidEndTerminalShellExecution exitCode=1
Trigger: terminal command exited with 1 — playing in 500ms
Using custom sound: /Users/hrishikesh/Downloads/fahhh_KcgAXfs.mp3
Playing: /Users/hrishikesh/Downloads/fahhh_KcgAXfs.mp3
Trigger: diagnostics error count 0 → 8 — playing in 500ms
Using custom sound: /Users/hrishikesh/Downloads/fahhh_KcgAXfs.mp3
Playing: /Users/hrishikesh/Downloads/fahhh_KcgAXfs.mp3
Trigger: diagnostics error count 0 → 8 — playing in 500ms
Using custom sound: /Users/hrishikesh/Downloads/fahhh_KcgAXfs.mp3
Playing: /Users/hrishikesh/Downloads/fahhh_KcgAXfs.mp3
Trigger: diagnostics error count 0 → 8 — playing in 500ms
Using custom sound: /Users/hrishikesh/Downloads/fahhh_KcgAXfs.mp3
Playing: /Users/hrishikesh/Downloads/fahhh_KcgAXfs.mp3
Trigger: diagnostics error count 0 → 8 — playing in 500ms
Using custom sound: /Users/hrishikesh/Downloads/fahhh_KcgAXfs.mp3
Playing: /Users/hrishikesh/Downloads/fahhh_KcgAXfs.mp3
Trigger: diagnostics error count 0 → 8 — playing in 500ms
Using custom sound: /Users/hrishikesh/Downloads/fahhh_KcgAXfs.mp3
Playing: /Users/hrishikesh/Downloads/fahhh_KcgAXfs.mp3
